[17:10:14.801] [32mINFO[39m (23124): [36mInitializing Glia in DOCKER mode (Mongo/Neo4j/Chroma)[39m
[17:10:14.803] [31mERROR[39m (23124): [36mMongoDB connection failed:[39m
[17:10:14.803] [31mERROR[39m (23124): [36mFailed to connect to Docker databases:[39m
[17:10:14.803] [31mERROR[39m (23124): [36mThe `uri` parameter to `openUri()` must be a string, got "undefined". Make sure the first parameter to `mongoose.connect()` or `mongoose.createConnection()` is a string.[39m
node.exe : FAIL tests/integration/pipeline.integration.test.ts (21.423 s)
At line:1 char:1
+ & "C:\Program Files\nodejs/node.exe" "C:\Program Files\nodejs/node_mo ...
+ ~~~~~~~~~~~~~~~~~~~~~~~~~~~~~~~~~~~~~~~~~~~~~~~~~~~~~~~~~~~~~~~~~~~~~
    + CategoryInfo          : NotSpecified: (FAIL tests/inte...t.ts (21.423 s):String) [], RemoteException
    + FullyQualifiedErrorId : NativeCommandError
 
  ΓùÅ Full RAG Pipeline ΓÇ║ retrieves relevant chunk for semantically related query

    MongooseError: The `uri` parameter to `openUri()` must be a string, got "undefined". Make sure the first parameter 
to `mongoose.connect()` or `mongoose.createConnection()` is a string.

    [0m [90m  5 |[39m [36mexport[39m [36masync[39m [36mfunction[39m connectMongo() {
     [90m  6 |[39m   [36mtry[39m {
    [31m[1m>[22m[39m[90m  7 |[39m     [36mawait[39m 
mongoose[33m.[39mconnect(process[33m.[39menv[33m.[39m[33mMONGO_URI[39m[33m![39m)[33m;[39m
     [90m    |[39m                    [31m[1m^[22m[39m
     [90m  8 |[39m     logger[33m.[39msuccess([32m"MongoDB connected"[39m)[33m;[39m
     [90m  9 |[39m   } [36mcatch[39m (err) {
     [90m 10 |[39m     logger[33m.[39merror([32m"MongoDB connection failed:"[39m[33m,[39m err)[33m;[39m[0m

      at NativeConnection.createClient (node_modules/mongoose/lib/drivers/node-mongodb-native/connection.js:234:11)
      at NativeConnection.openUri (node_modules/mongoose/lib/connection.js:1086:34)
      at Mongoose.connect (node_modules/mongoose/lib/mongoose.js:475:15)
      at connectMongo (src/services/mongo.ts:7:20)
      at initStorage (src/services/storage.ts:355:13)
      at Object.<anonymous> (tests/integration/pipeline.integration.test.ts:33:20)

  ΓùÅ Full RAG Pipeline ΓÇ║ unrelated query scores below threshold

    MongooseError: The `uri` parameter to `openUri()` must be a string, got "undefined". Make sure the first parameter 
to `mongoose.connect()` or `mongoose.createConnection()` is a string.

    [0m [90m  5 |[39m [36mexport[39m [36masync[39m [36mfunction[39m connectMongo() {
     [90m  6 |[39m   [36mtry[39m {
    [31m[1m>[22m[39m[90m  7 |[39m     [36mawait[39m 
mongoose[33m.[39mconnect(process[33m.[39menv[33m.[39m[33mMONGO_URI[39m[33m![39m)[33m;[39m
     [90m    |[39m                    [31m[1m^[22m[39m
     [90m  8 |[39m     logger[33m.[39msuccess([32m"MongoDB connected"[39m)[33m;[39m
     [90m  9 |[39m   } [36mcatch[39m (err) {
     [90m 10 |[39m     logger[33m.[39merror([32m"MongoDB connection failed:"[39m[33m,[39m err)[33m;[39m[0m

      at NativeConnection.createClient (node_modules/mongoose/lib/drivers/node-mongodb-native/connection.js:234:11)
      at NativeConnection.openUri (node_modules/mongoose/lib/connection.js:1086:34)
      at Mongoose.connect (node_modules/mongoose/lib/mongoose.js:475:15)
      at connectMongo (src/services/mongo.ts:7:20)
      at initStorage (src/services/storage.ts:355:13)
      at Object.<anonymous> (tests/integration/pipeline.integration.test.ts:33:20)

  ΓùÅ Full RAG Pipeline ΓÇ║ chunk count is non-zero after embedding fixture

    MongooseError: The `uri` parameter to `openUri()` must be a string, got "undefined". Make sure the first parameter 
to `mongoose.connect()` or `mongoose.createConnection()` is a string.

    [0m [90m  5 |[39m [36mexport[39m [36masync[39m [36mfunction[39m connectMongo() {
     [90m  6 |[39m   [36mtry[39m {
    [31m[1m>[22m[39m[90m  7 |[39m     [36mawait[39m 
mongoose[33m.[39mconnect(process[33m.[39menv[33m.[39m[33mMONGO_URI[39m[33m![39m)[33m;[39m
     [90m    |[39m                    [31m[1m^[22m[39m
     [90m  8 |[39m     logger[33m.[39msuccess([32m"MongoDB connected"[39m)[33m;[39m
     [90m  9 |[39m   } [36mcatch[39m (err) {
     [90m 10 |[39m     logger[33m.[39merror([32m"MongoDB connection failed:"[39m[33m,[39m err)[33m;[39m[0m

      at NativeConnection.createClient (node_modules/mongoose/lib/drivers/node-mongodb-native/connection.js:234:11)
      at NativeConnection.openUri (node_modules/mongoose/lib/connection.js:1086:34)
      at Mongoose.connect (node_modules/mongoose/lib/mongoose.js:475:15)
      at connectMongo (src/services/mongo.ts:7:20)
      at initStorage (src/services/storage.ts:355:13)
      at Object.<anonymous> (tests/integration/pipeline.integration.test.ts:33:20)

  ΓùÅ Full RAG Pipeline ΓÇ║ retrieves httpOnly flag fix from related query

    MongooseError: The `uri` parameter to `openUri()` must be a string, got "undefined". Make sure the first parameter 
to `mongoose.connect()` or `mongoose.createConnection()` is a string.

    [0m [90m  5 |[39m [36mexport[39m [36masync[39m [36mfunction[39m connectMongo() {
     [90m  6 |[39m   [36mtry[39m {
    [31m[1m>[22m[39m[90m  7 |[39m     [36mawait[39m 
mongoose[33m.[39mconnect(process[33m.[39menv[33m.[39m[33mMONGO_URI[39m[33m![39m)[33m;[39m
     [90m    |[39m                    [31m[1m^[22m[39m
     [90m  8 |[39m     logger[33m.[39msuccess([32m"MongoDB connected"[39m)[33m;[39m
     [90m  9 |[39m   } [36mcatch[39m (err) {
     [90m 10 |[39m     logger[33m.[39merror([32m"MongoDB connection failed:"[39m[33m,[39m err)[33m;[39m[0m

      at NativeConnection.createClient (node_modules/mongoose/lib/drivers/node-mongodb-native/connection.js:234:11)
      at NativeConnection.openUri (node_modules/mongoose/lib/connection.js:1086:34)
      at Mongoose.connect (node_modules/mongoose/lib/mongoose.js:475:15)
      at connectMongo (src/services/mongo.ts:7:20)
      at initStorage (src/services/storage.ts:355:13)
      at Object.<anonymous> (tests/integration/pipeline.integration.test.ts:33:20)


  ΓùÅ Test suite failed to run

    thrown: "Exceeded timeout of 5000 ms for a hook.
    Add a timeout value to this test to increase the timeout, if this is a long-running test. See 
https://jestjs.io/docs/api#testname-fn-timeout."

    [0m [90m 45 |[39m }[33m,[39m [35m30[39m_000)[33m;[39m
     [90m 46 |[39m
    [31m[1m>[22m[39m[90m 47 |[39m afterAll([36masync[39m () [33m=>[39m {
     [90m    |[39m [31m[1m^[22m[39m
     [90m 48 |[39m   [90m// Clean up test session[39m
     [90m 49 |[39m   [36mawait[39m sessionStore[33m.[39mdeleteSession(testSessionId)[33m;[39m
     [90m 50 |[39m })[33m;[39m[0m

      at Object.<anonymous> (tests/integration/pipeline.integration.test.ts:47:1)

Test Suites: 1 failed, 1 total
Tests:       4 failed, 4 total
Snapshots:   0 total
Time:        22.516 s, estimated 32 s
Ran all test suites matching tests/integration/pipeline.integration.test.ts.
Jest did not exit one second after the test run has completed.

'This usually means that there are asynchronous operations that weren't stopped in your tests. Consider running Jest 
with `--detectOpenHandles` to troubleshoot this issue.
